
> bireena-react@0.0.0 build
> vite build

[36mvite v7.3.1 [32mbuilding client environment for production...[36m[39m
transforming...
[32mÔ£ô[39m 3 modules transformed.
node.exe : [31mÔ£ù[39m 
Build failed in 736ms
At line:1 char:1
+ & "C:\Program 
Files\nodejs/node.exe" 
"C:\Program 
Files\nodejs/node_mo ...
+ ~~~~~~~~~~~~~~~~~~~~~~~~~~~
~~~~~~~~~~~~~~~~~~~~~~~~~~~~~
~~~~~~~~~~~~~
    + CategoryInfo           
   : NotSpecified: ([31mÔ£  
  ù[39m Build failed in 7   
 36ms:String) [], RemoteE    
xception
    + FullyQualifiedErrorId  
   : NativeCommandError
 
[31merror during build:
[31m[vite:esbuild] 
Transform failed with 1 
error:
E:/bireenaaththi/Hotel-Manage
ment/frontend/src/App.jsx:1:0
: ERROR: Unexpected "<<"[31m
file: [36mE:/bireenaaththi/H
otel-Management/frontend/src/
App.jsx:1:0[31m
[33m
[33mUnexpected "<<"[33m
1  |  <<<<<<< HEAD
   |  ^
2  |  import { BrowserRouter 
as Router, Routes, Route, 
Navigate } from 
'react-router-dom'
3  |  =======
[31m
    at failureErrorWithLog (E
:\bireenaaththi\Hotel-Managem
ent\frontend\node_modules\esb
uild\lib\main.js:1467:15)
    at E:\bireenaaththi\Hotel
-Management\frontend\node_mod
ules\esbuild\lib\main.js:736:
50
    at 
responseCallbacks.<computed> 
(E:\bireenaaththi\Hotel-Manag
ement\frontend\node_modules\e
sbuild\lib\main.js:603:9)
    at handleIncomingPacket (
E:\bireenaaththi\Hotel-Manage
ment\frontend\node_modules\es
build\lib\main.js:658:12)
    at Socket.readFromStdout 
(E:\bireenaaththi\Hotel-Manag
ement\frontend\node_modules\e
sbuild\lib\main.js:581:7)
    at Socket.emit 
(node:events:519:28)
    at addChunk (node:interna
l/streams/readable:561:12)
    at 
readableAddChunkPushByteMode 
(node:internal/streams/readab
le:512:3)
    at Readable.push (node:in
ternal/streams/readable:392:5
)
    at Pipe.onStreamRead (nod
e:internal/stream_base_common
s:189:23)[39m
