
> bireena-react@0.0.0 build
> vite build

[36mvite v7.3.1 [32mbuilding client environment for production...[36m[39m
transforming...
Terminate batch job (Y/N)? Terminate batch job (Y/N)? 
^C